// Jest Snapshot v1, https://goo.gl/fbAQLP

exports[`ProcessListPage tests Snapshot 1`] = `
<ProcessListPage
  history={
    Object {
      "action": "POP",
      "block": [Function],
      "createHref": [Function],
      "go": [Function],
      "goBack": [Function],
      "goForward": [Function],
      "length": 1,
      "listen": [Function],
      "location": Object {
        "hash": "",
        "pathname": "/",
        "search": "",
        "state": undefined,
      },
      "push": [Function],
      "replace": [Function],
    }
  }
  location={
    Object {
      "hash": "",
      "pathname": "/",
      "search": "",
      "state": undefined,
    }
  }
  match={
    Object {
      "isExact": false,
      "params": Object {
        "instanceID": "8035b580-6ae4-4aa8-9ec0-e18e19809e0b",
      },
      "path": "",
      "url": "",
    }
  }
>
  <PageSectionHeader
    breadcrumbPath={
      Array [
        "/",
      ]
    }
    breadcrumbText={
      Array [
        "Home",
        "Processes",
      ]
    }
    titleText="Process Instances"
  >
    <PageSection
      data-ouia-component-type="page-section-header"
      data-ouia-safe={true}
      variant="light"
    >
      <section
        className="pf-c-page__main-section pf-m-light"
        data-ouia-component-type="page-section-header"
        data-ouia-safe={true}
      >
        <Breadcrumb>
          <nav
            aria-label="Breadcrumb"
            className="pf-c-breadcrumb"
            data-ouia-component-id="OUIA-Generated-Breadcrumb-1"
            data-ouia-component-type="PF4/Breadcrumb"
            data-ouia-safe={true}
          >
            <ol
              className="pf-c-breadcrumb__list"
            >
              <BreadcrumbItem
                key=".$0"
                showDivider={false}
              >
                <li
                  className="pf-c-breadcrumb__item"
                >
                  <Link
                    to="/"
                  >
                    <LinkAnchor
                      href="/"
                      navigate={[Function]}
                    >
                      <a
                        href="/"
                        onClick={[Function]}
                      >
                        Home
                      </a>
                    </LinkAnchor>
                  </Link>
                </li>
              </BreadcrumbItem>
              <BreadcrumbItem
                isActive={true}
                key=".$1"
                showDivider={true}
              >
                <li
                  className="pf-c-breadcrumb__item"
                >
                  <span
                    className="pf-c-breadcrumb__item-divider"
                  >
                    <AngleRightIcon
                      color="currentColor"
                      noVerticalAlign={false}
                      size="sm"
                    >
                      <svg
                        aria-hidden={true}
                        aria-labelledby={null}
                        fill="currentColor"
                        height="1em"
                        role="img"
                        style={
                          Object {
                            "verticalAlign": "-0.125em",
                          }
                        }
                        viewBox="0 0 256 512"
                        width="1em"
                      >
                        <path
                          d="M224.3 273l-136 136c-9.4 9.4-24.6 9.4-33.9 0l-22.6-22.6c-9.4-9.4-9.4-24.6 0-33.9l96.4-96.4-96.4-96.4c-9.4-9.4-9.4-24.6 0-33.9L54.3 103c9.4-9.4 24.6-9.4 33.9 0l136 136c9.5 9.4 9.5 24.6.1 34z"
                        />
                      </svg>
                    </AngleRightIcon>
                  </span>
                  Processes
                </li>
              </BreadcrumbItem>
            </ol>
          </nav>
        </Breadcrumb>
        <PageTitle
          title="Process Instances"
        >
          <Flex
            data-ouia-component-type="page-title"
            data-ouia-safe={true}
          >
            <div
              className="pf-l-flex"
              data-ouia-component-type="page-title"
              data-ouia-safe={true}
            >
              <FlexItem
                spacer={
                  Object {
                    "default": "spacerSm",
                  }
                }
              >
                <div
                  className="pf-m-spacer-sm"
                >
                  <Title
                    headingLevel="h1"
                    size="4xl"
                  >
                    <h1
                      className="pf-c-title pf-m-4xl"
                      data-ouia-component-id="OUIA-Generated-Title-1"
                      data-ouia-component-type="PF4/Title"
                      data-ouia-safe={true}
                    >
                      Process Instances
                    </h1>
                  </Title>
                </div>
              </FlexItem>
            </div>
          </Flex>
        </PageTitle>
      </section>
    </PageSection>
  </PageSectionHeader>
  <PageSection
    data-ouia-component-type="page-section-content"
    data-ouia-safe={true}
  >
    <section
      className="pf-c-page__main-section"
      data-ouia-component-type="page-section-content"
      data-ouia-safe={true}
    >
      <Card
        className="kogito-management-console__card-size"
      >
        <article
          className="pf-c-card kogito-management-console__card-size"
          data-ouia-component-id="OUIA-Generated-Card-1"
          data-ouia-component-type="PF4/Card"
          data-ouia-safe={true}
          id=""
        >
          <MockedProcessListContainer />
        </article>
      </Card>
    </section>
  </PageSection>
</ProcessListPage>
`;
