// Jest Snapshot v1, https://goo.gl/fbAQLP

exports[`Breadcrumbs renders correctly 1`] = `<Breadcrumbs />`;

exports[`Breadcrumbs renders outcome details breadcrumbs links 1`] = `
<Breadcrumbs>
  <Breadcrumb>
    <nav
      aria-label="Breadcrumb"
      className="pf-c-breadcrumb"
      data-ouia-component-id="OUIA-Generated-Breadcrumb-1"
      data-ouia-component-type="PF4/Breadcrumb"
      data-ouia-safe={true}
    >
      <ol
        className="pf-c-breadcrumb__list"
      >
        <BreadcrumbItem
          className="breadcrumb-item"
          isActive={false}
          key=".$/audit"
          render={[Function]}
          showDivider={false}
        >
          <li
            className="pf-c-breadcrumb__item breadcrumb-item"
          >
            <TrustyLink
              className="pf-c-breadcrumb__link"
              url="/audit"
            >
              <Link
                className="pf-c-breadcrumb__link"
                to="/audit"
              >
                <LinkAnchor
                  className="pf-c-breadcrumb__link"
                  href="/audit"
                  navigate={[Function]}
                >
                  <a
                    className="pf-c-breadcrumb__link"
                    href="/audit"
                    onClick={[Function]}
                  >
                    <span
                      key="/audit"
                    >
                      Audit investigation
                    </span>
                  </a>
                </LinkAnchor>
              </Link>
            </TrustyLink>
          </li>
        </BreadcrumbItem>
        <BreadcrumbItem
          className="breadcrumb-item"
          isActive={false}
          key=".$/audit/decision/b2b0ed8d-c1e2-46b5-3ac54ff4beae-1000"
          render={[Function]}
          showDivider={true}
        >
          <li
            className="pf-c-breadcrumb__item breadcrumb-item"
          >
            <span
              className="pf-c-breadcrumb__item-divider"
            >
              <AngleRightIcon
                color="currentColor"
                noVerticalAlign={false}
                size="sm"
              >
                <svg
                  aria-hidden={true}
                  aria-labelledby={null}
                  fill="currentColor"
                  height="1em"
                  role="img"
                  style={
                    Object {
                      "verticalAlign": "-0.125em",
                    }
                  }
                  viewBox="0 0 256 512"
                  width="1em"
                >
                  <path
                    d="M224.3 273l-136 136c-9.4 9.4-24.6 9.4-33.9 0l-22.6-22.6c-9.4-9.4-9.4-24.6 0-33.9l96.4-96.4-96.4-96.4c-9.4-9.4-9.4-24.6 0-33.9L54.3 103c9.4-9.4 24.6-9.4 33.9 0l136 136c9.5 9.4 9.5 24.6.1 34z"
                  />
                </svg>
              </AngleRightIcon>
            </span>
            <TrustyLink
              className="pf-c-breadcrumb__link"
              url="/audit/decision/b2b0ed8d-c1e2-46b5-3ac54ff4beae-1000"
            >
              <Link
                className="pf-c-breadcrumb__link"
                to="/audit/decision/b2b0ed8d-c1e2-46b5-3ac54ff4beae-1000"
              >
                <LinkAnchor
                  className="pf-c-breadcrumb__link"
                  href="/audit/decision/b2b0ed8d-c1e2-46b5-3ac54ff4beae-1000"
                  navigate={[Function]}
                >
                  <a
                    className="pf-c-breadcrumb__link"
                    href="/audit/decision/b2b0ed8d-c1e2-46b5-3ac54ff4beae-1000"
                    onClick={[Function]}
                  >
                    <AuditDetailBreadcrumb
                      key="/audit/decision/b2b0ed8d-c1e2-46b5-3ac54ff4beae-1000"
                      location={
                        Object {
                          "hash": "",
                          "key": "execution",
                          "pathname": "/audit/decision/b2b0ed8d-c1e2-46b5-3ac54ff4beae-1000/outcomes",
                          "search": "",
                        }
                      }
                      match={
                        Object {
                          "isExact": true,
                          "params": Object {
                            "executionType": "decision",
                            "id": "b2b0ed8d-c1e2-46b5-3ac54ff4beae-1000",
                          },
                          "path": "/audit/:executionType/:id",
                          "url": "/audit/decision/b2b0ed8d-c1e2-46b5-3ac54ff4beae-1000",
                        }
                      }
                    >
                      <span>
                        Execution 
                        <ExecutionId
                          id="b2b0ed8d-c1e2-46b5-3ac54ff4beae-1000"
                        >
                          <span
                            className="execution-id"
                          >
                            #
                            b2b0ed8d
                          </span>
                        </ExecutionId>
                      </span>
                    </AuditDetailBreadcrumb>
                  </a>
                </LinkAnchor>
              </Link>
            </TrustyLink>
          </li>
        </BreadcrumbItem>
        <BreadcrumbItem
          className="breadcrumb-item"
          isActive={true}
          key=".$/audit/decision/b2b0ed8d-c1e2-46b5-3ac54ff4beae-1000/outcomes"
          render={[Function]}
          showDivider={true}
        >
          <li
            className="pf-c-breadcrumb__item breadcrumb-item"
          >
            <span
              className="pf-c-breadcrumb__item-divider"
            >
              <AngleRightIcon
                color="currentColor"
                noVerticalAlign={false}
                size="sm"
              >
                <svg
                  aria-hidden={true}
                  aria-labelledby={null}
                  fill="currentColor"
                  height="1em"
                  role="img"
                  style={
                    Object {
                      "verticalAlign": "-0.125em",
                    }
                  }
                  viewBox="0 0 256 512"
                  width="1em"
                >
                  <path
                    d="M224.3 273l-136 136c-9.4 9.4-24.6 9.4-33.9 0l-22.6-22.6c-9.4-9.4-9.4-24.6 0-33.9l96.4-96.4-96.4-96.4c-9.4-9.4-9.4-24.6 0-33.9L54.3 103c9.4-9.4 24.6-9.4 33.9 0l136 136c9.5 9.4 9.5 24.6.1 34z"
                  />
                </svg>
              </AngleRightIcon>
            </span>
            <TrustyLink
              className="pf-c-breadcrumb__link pf-m-current"
              url="/audit/decision/b2b0ed8d-c1e2-46b5-3ac54ff4beae-1000/outcomes"
            >
              <Link
                className="pf-c-breadcrumb__link pf-m-current"
                to="/audit/decision/b2b0ed8d-c1e2-46b5-3ac54ff4beae-1000/outcomes"
              >
                <LinkAnchor
                  className="pf-c-breadcrumb__link pf-m-current"
                  href="/audit/decision/b2b0ed8d-c1e2-46b5-3ac54ff4beae-1000/outcomes"
                  navigate={[Function]}
                >
                  <a
                    className="pf-c-breadcrumb__link pf-m-current"
                    href="/audit/decision/b2b0ed8d-c1e2-46b5-3ac54ff4beae-1000/outcomes"
                    onClick={[Function]}
                  >
                    <span
                      key="/audit/decision/b2b0ed8d-c1e2-46b5-3ac54ff4beae-1000/outcomes"
                    >
                      Outcomes
                    </span>
                  </a>
                </LinkAnchor>
              </Link>
            </TrustyLink>
          </li>
        </BreadcrumbItem>
      </ol>
    </nav>
  </Breadcrumb>
</Breadcrumbs>
`;
