// Jest Snapshot v1, https://goo.gl/fbAQLP

exports[`WebApp - ProcessDetailsPage tests Snapshot test with default values 1`] = `
<ProcessDetailsPage
  history={
    Object {
      "action": "POP",
      "block": [Function],
      "createHref": [Function],
      "go": [Function],
      "goBack": [Function],
      "goForward": [Function],
      "length": 1,
      "listen": [Function],
      "location": Object {
        "hash": "",
        "pathname": "/",
        "search": "",
        "state": undefined,
      },
      "push": [Function],
      "replace": [Function],
    }
  }
  location={
    Object {
      "hash": "",
      "pathname": "/",
      "search": "",
      "state": undefined,
    }
  }
  match={
    Object {
      "isExact": false,
      "params": Object {
        "instanceID": "8035b580-6ae4-4aa8-9ec0-e18e19809e0b",
      },
      "path": "",
      "url": "",
    }
  }
>
  <PageSectionHeader
    breadcrumbPath={
      Array [
        "/",
        Object {
          "pathname": "/ProcessInstances",
          "state": Object {},
        },
      ]
    }
    breadcrumbText={
      Array [
        "Home",
        "Processes",
        "HotelBooking",
      ]
    }
    titleText="Process Details"
  >
    <PageSection
      data-ouia-component-type="page-section-header"
      data-ouia-safe={true}
      variant="light"
    >
      <section
        className="pf-c-page__main-section pf-m-light"
        data-ouia-component-type="page-section-header"
        data-ouia-safe={true}
      >
        <Breadcrumb>
          <nav
            aria-label="Breadcrumb"
            className="pf-c-breadcrumb"
            data-ouia-component-id="OUIA-Generated-Breadcrumb-1"
            data-ouia-component-type="PF4/Breadcrumb"
            data-ouia-safe={true}
          >
            <ol
              className="pf-c-breadcrumb__list"
            >
              <BreadcrumbItem
                key=".$0"
                showDivider={false}
              >
                <li
                  className="pf-c-breadcrumb__item"
                >
                  <Link
                    to="/"
                  >
                    <LinkAnchor
                      href="/"
                      navigate={[Function]}
                    >
                      <a
                        href="/"
                        onClick={[Function]}
                      >
                        Home
                      </a>
                    </LinkAnchor>
                  </Link>
                </li>
              </BreadcrumbItem>
              <BreadcrumbItem
                key=".$1"
                showDivider={true}
              >
                <li
                  className="pf-c-breadcrumb__item"
                >
                  <span
                    className="pf-c-breadcrumb__item-divider"
                  >
                    <AngleRightIcon
                      color="currentColor"
                      noVerticalAlign={false}
                      size="sm"
                    >
                      <svg
                        aria-hidden={true}
                        aria-labelledby={null}
                        fill="currentColor"
                        height="1em"
                        role="img"
                        style={
                          Object {
                            "verticalAlign": "-0.125em",
                          }
                        }
                        viewBox="0 0 256 512"
                        width="1em"
                      >
                        <path
                          d="M224.3 273l-136 136c-9.4 9.4-24.6 9.4-33.9 0l-22.6-22.6c-9.4-9.4-9.4-24.6 0-33.9l96.4-96.4-96.4-96.4c-9.4-9.4-9.4-24.6 0-33.9L54.3 103c9.4-9.4 24.6-9.4 33.9 0l136 136c9.5 9.4 9.5 24.6.1 34z"
                        />
                      </svg>
                    </AngleRightIcon>
                  </span>
                  <Link
                    to={
                      Object {
                        "pathname": "/ProcessInstances",
                        "state": Object {},
                      }
                    }
                  >
                    <LinkAnchor
                      href="/ProcessInstances"
                      navigate={[Function]}
                    >
                      <a
                        href="/ProcessInstances"
                        onClick={[Function]}
                      >
                        Processes
                      </a>
                    </LinkAnchor>
                  </Link>
                </li>
              </BreadcrumbItem>
              <BreadcrumbItem
                isActive={true}
                key=".$2"
                showDivider={true}
              >
                <li
                  className="pf-c-breadcrumb__item"
                >
                  <span
                    className="pf-c-breadcrumb__item-divider"
                  >
                    <AngleRightIcon
                      color="currentColor"
                      noVerticalAlign={false}
                      size="sm"
                    >
                      <svg
                        aria-hidden={true}
                        aria-labelledby={null}
                        fill="currentColor"
                        height="1em"
                        role="img"
                        style={
                          Object {
                            "verticalAlign": "-0.125em",
                          }
                        }
                        viewBox="0 0 256 512"
                        width="1em"
                      >
                        <path
                          d="M224.3 273l-136 136c-9.4 9.4-24.6 9.4-33.9 0l-22.6-22.6c-9.4-9.4-9.4-24.6 0-33.9l96.4-96.4-96.4-96.4c-9.4-9.4-9.4-24.6 0-33.9L54.3 103c9.4-9.4 24.6-9.4 33.9 0l136 136c9.5 9.4 9.5 24.6.1 34z"
                        />
                      </svg>
                    </AngleRightIcon>
                  </span>
                  HotelBooking
                </li>
              </BreadcrumbItem>
            </ol>
          </nav>
        </Breadcrumb>
        <PageTitle
          title="Process Details"
        >
          <Flex
            data-ouia-component-type="page-title"
            data-ouia-safe={true}
          >
            <div
              className="pf-l-flex"
              data-ouia-component-type="page-title"
              data-ouia-safe={true}
            >
              <FlexItem
                spacer={
                  Object {
                    "default": "spacerSm",
                  }
                }
              >
                <div
                  className="pf-m-spacer-sm"
                >
                  <Title
                    headingLevel="h1"
                    size="4xl"
                  >
                    <h1
                      className="pf-c-title pf-m-4xl"
                      data-ouia-component-id="OUIA-Generated-Title-1"
                      data-ouia-component-type="PF4/Title"
                      data-ouia-safe={true}
                    >
                      Process Details
                    </h1>
                  </Title>
                </div>
              </FlexItem>
            </div>
          </Flex>
        </PageTitle>
      </section>
    </PageSection>
  </PageSectionHeader>
  <PageSection>
    <section
      className="pf-c-page__main-section"
    >
      <MockedProcessDetailsContainer
        processInstance={
          Object {
            "addons": Array [
              "process-management",
            ],
            "businessKey": "T1234HotelBooking01",
            "childProcessInstances": Array [],
            "end": 2019-10-22T05:40:44.089Z,
            "endpoint": "http://localhost:4000",
            "error": Object {
              "__typename": "ProcessInstanceError",
              "message": "some thing went wrong",
              "nodeDefinitionId": "a1e139d5-4e77-48c9-84ae-34578e904e6b",
            },
            "id": "8035b580-6ae4-4aa8-9ec0-e18e19809e0b",
            "lastUpdate": 2021-04-22T14:53:04.000Z,
            "milestones": Array [
              Object {
                "__typename": "Milestone",
                "id": "27107f38-d888-4edf-9a4f-11b9e6d75i86",
                "name": "Manager decision",
                "status": "COMPLETED",
              },
              Object {
                "__typename": "Milestone",
                "id": "27107f38-d888-4edf-9a4f-11b9e6d75m36",
                "name": "Milestone 1: Order placed",
                "status": "ACTIVE",
              },
              Object {
                "__typename": "Milestone",
                "id": "27107f38-d888-4edf-9a4f-11b9e6d75m66",
                "name": "Milestone 2: Order shipped",
                "status": "AVAILABLE",
              },
            ],
            "nodes": Array [
              Object {
                "__typename": "NodeInstance",
                "definitionId": "EndEvent_1",
                "enter": 2019-10-22T03:37:30.798Z,
                "exit": 2019-10-22T03:37:30.798Z,
                "id": "27107f38-d888-4edf-9a4f-11b9e6d751b6",
                "name": "End Event 1",
                "nodeId": "1",
                "type": "EndNode",
              },
              Object {
                "__typename": "NodeInstance",
                "definitionId": "ServiceTask_1",
                "enter": 2019-10-22T03:37:30.795Z,
                "exit": 2019-10-22T03:37:30.798Z,
                "id": "41b3f49e-beb3-4b5f-8130-efd28f82b971",
                "name": "Book hotel",
                "nodeId": "2",
                "type": "WorkItemNode",
              },
              Object {
                "__typename": "NodeInstance",
                "definitionId": "StartEvent_1",
                "enter": 2019-10-22T03:37:30.793Z,
                "exit": 2019-10-22T03:37:30.795Z,
                "id": "4165a571-2c79-4fd0-921e-c6d5e7851b67",
                "name": "StartProcess",
                "nodeId": "2",
                "type": "StartNode",
              },
            ],
            "parentProcessInstance": null,
            "parentProcessInstanceId": "e4448857-fa0c-403b-ad69-f0a353458b9d",
            "processId": "hotelBooking",
            "processName": "HotelBooking",
            "roles": Array [],
            "serviceUrl": "http://localhost:4000",
            "start": 2019-10-22T03:40:44.089Z,
            "state": "COMPLETED",
            "variables": "{\\"trip\\":{\\"begin\\":\\"2019-10-22T22:00:00Z[UTC]\\",\\"city\\":\\"Bangalore\\",\\"country\\":\\"India\\",\\"end\\":\\"2019-10-30T22:00:00Z[UTC]\\",\\"visaRequired\\":false},\\"hotel\\":{\\"address\\":{\\"city\\":\\"Bangalore\\",\\"country\\":\\"India\\",\\"street\\":\\"street\\",\\"zipCode\\":\\"12345\\"},\\"bookingNumber\\":\\"XX-012345\\",\\"name\\":\\"Perfect hotel\\",\\"phone\\":\\"09876543\\"},\\"traveller\\":{\\"address\\":{\\"city\\":\\"Bangalore\\",\\"country\\":\\"US\\",\\"street\\":\\"Bangalore\\",\\"zipCode\\":\\"560093\\"},\\"email\\":\\"ajaganat@redhat.com\\",\\"firstName\\":\\"Ajay\\",\\"lastName\\":\\"Jaganathan\\",\\"nationality\\":\\"US\\"}}",
          }
        }
      />
    </section>
  </PageSection>
</ProcessDetailsPage>
`;
