// Jest Snapshot v1, https://goo.gl/fbAQLP

exports[`Audit top toolbar renders correctly 1`] = `
<Fragment>
  <Toolbar
    id="audit-overview-top-toolbar"
    inset={
      Object {
        "default": "insetMd",
        "md": "insetMd",
        "sm": "insetMd",
        "xl": "insetXl",
      }
    }
  >
    <ToolbarContent
      isExpanded={false}
      showClearFiltersButton={false}
    >
      <ToolbarItem
        spacer={
          Object {
            "default": "spacerLg",
            "lg": "spacerLg",
            "md": "spacerMd",
          }
        }
      >
        <InputGroup>
          <TextInput
            aria-label="search executions"
            id="audit-search-input"
            name="audit-search-input"
            onKeyDown={[Function]}
            ouiaId="search-input"
            placeholder="Search by ID"
            type="search"
          />
          <Button
            aria-label="search button for search input"
            id="audit-search"
            onClick={[Function]}
            ouiaId="search-button"
            variant="control"
          >
            <SearchIcon
              color="currentColor"
              noVerticalAlign={false}
              size="sm"
            />
          </Button>
        </InputGroup>
      </ToolbarItem>
      <ToolbarToggleGroup
        breakpoint="lg"
        toggleIcon={
          <OutlinedCalendarIcon
            color="currentColor"
            noVerticalAlign={false}
            size="sm"
          />
        }
      >
        <ToolbarItem
          variant="label"
        >
          From
        </ToolbarItem>
        <ToolbarItem>
          <DatePicker
            fromDate="2020-01-01"
            id="audit-from-date"
            label="Starting date"
            maxDate="2020-02-01"
            onDateUpdate={[MockFunction]}
            value="2020-01-01"
          />
        </ToolbarItem>
        <ToolbarItem
          variant="label"
        >
          To
        </ToolbarItem>
        <ToolbarItem>
          <DatePicker
            id="audit-to-date"
            label="Ending date"
            minDate="2020-01-01"
            onDateUpdate={[MockFunction]}
            value="2020-02-01"
          />
        </ToolbarItem>
      </ToolbarToggleGroup>
      <ToolbarItem>
        <ToolbarItem>
          <Button
            aria-label="Refresh"
            id="executions-refresh"
            onClick={[Function]}
            ouiaId="refresh-button"
            title="Refresh"
            variant="plain"
          >
            <SyncIcon
              color="currentColor"
              noVerticalAlign={false}
              size="sm"
            />
          </Button>
        </ToolbarItem>
      </ToolbarItem>
    </ToolbarContent>
  </Toolbar>
  <Divider />
  <Toolbar>
    <ToolbarContent
      isExpanded={false}
      showClearFiltersButton={false}
    >
      <ToolbarItem
        data-ouia-component-id="top-pagination"
        variant="pagination"
      >
        <PaginationContainer
          onSetPage={[MockFunction]}
          onSetPageSize={[MockFunction]}
          page={1}
          pageSize={10}
          paginationId="audit-overview-top-pagination"
          position="top"
          total={20}
        />
      </ToolbarItem>
    </ToolbarContent>
  </Toolbar>
</Fragment>
`;
