// Jest Snapshot v1, https://goo.gl/fbAQLP

exports[`Audit bottom toolbar renders correctly 1`] = `
<PaginationContainer
  onSetPage={[MockFunction]}
  onSetPageSize={[MockFunction]}
  page={1}
  pageSize={10}
  paginationId="audit-overview-bottom-pagination"
  position="bottom"
  total={20}
/>
`;
