// Jest Snapshot v1, https://goo.gl/fbAQLP

exports[`ExplanationSwitch renders correctly 1`] = `
<div
  className="outcome-switch"
>
  <Select
    aria-describedby=""
    aria-invalid={false}
    aria-label="Select Decision Outcome"
    aria-labelledby=""
    chipGroupComponent={null}
    className=""
    clearSelectionsAriaLabel="Clear all"
    createText="Create"
    customBadgeText={null}
    customContent={null}
    direction="down"
    favorites={Array []}
    favoritesLabel="Favorites"
    hasInlineFilter={false}
    hasPlaceholderStyle={false}
    inlineFilterPlaceholderText={null}
    inputAutoComplete="off"
    inputIdPrefix=""
    isCreatable={false}
    isCreateOptionOnTop={false}
    isCreateSelectOptionObject={false}
    isDisabled={false}
    isFlipEnabled={true}
    isGrouped={false}
    isInputFilterPersisted={false}
    isInputValuePersisted={false}
    isOpen={false}
    isPlain={false}
    menuAppendTo="inline"
    noResultsFoundText="No results found"
    onClear={[Function]}
    onCreateOption={[Function]}
    onFilter={null}
    onSelect={[Function]}
    onToggle={[Function]}
    onTypeaheadInputChanged={null}
    ouiaSafe={true}
    placeholderText=""
    position="left"
    removeFindDomNode={false}
    removeSelectionAriaLabel="Remove"
    selections="_12268B68-94A1-4960-B4C8-0B6071AFDE58"
    shouldResetOnSelect={true}
    toggleAriaLabel="Options menu"
    toggleIcon={null}
    toggleId={null}
    toggleIndicator={null}
    typeAheadAriaDescribedby=""
    typeAheadAriaLabel=""
    validated="default"
    variant="single"
    width=""
    zIndex={9999}
  >
    <SelectOption
      className=""
      component="button"
      index={0}
      inputId=""
      isChecked={false}
      isDisabled={false}
      isFavorite={null}
      isLastOptionBeforeFooter={[Function]}
      isLoad={false}
      isLoading={false}
      isNoResultsOption={false}
      isPlaceholder={false}
      isSelected={false}
      key="0"
      keyHandler={[Function]}
      onClick={[Function]}
      sendRef={[Function]}
      setViewMoreNextIndex={[Function]}
      value="_12268B68-94A1-4960-B4C8-0B6071AFDE58"
    >
      Mortgage Approval
    </SelectOption>
    <SelectOption
      className=""
      component="button"
      index={0}
      inputId=""
      isChecked={false}
      isDisabled={false}
      isFavorite={null}
      isLastOptionBeforeFooter={[Function]}
      isLoad={false}
      isLoading={false}
      isNoResultsOption={false}
      isPlaceholder={false}
      isSelected={false}
      key="1"
      keyHandler={[Function]}
      onClick={[Function]}
      sendRef={[Function]}
      setViewMoreNextIndex={[Function]}
      value="_9CFF8C35-4EB3-451E-874C-DB27A5A424C0"
    >
      Risk Score
    </SelectOption>
  </Select>
</div>
`;
