// Jest Snapshot v1, https://goo.gl/fbAQLP

exports[`Audit overview renders correctly a list of executions 1`] = `
<Fragment>
  <PageSection
    variant="light"
  >
    <TextContent>
      <Title
        headingLevel="h2"
        size="3xl"
      >
        Audit investigation
      </Title>
      <Text
        component="p"
      >
        Here you can retrieve all the available information about past cases.
      </Text>
    </TextContent>
  </PageSection>
  <PageSection
    isFilled={true}
  >
    <AuditToolbarTop
      fromDate="2020-01-01"
      page={1}
      pageSize={10}
      setFromDate={[Function]}
      setPage={[Function]}
      setPageSize={[Function]}
      setSearchString={[Function]}
      setToDate={[Function]}
      toDate="2020-02-01"
      total={0}
    />
    <ExecutionTable
      data={
        Object {
          "data": Object {
            "headers": Array [
              Object {
                "executedModelName": "LoanEligibility",
                "executionDate": "2020-06-01T12:33:57+0000",
                "executionId": "b2b0ed8d-c1e2-46b5-ad4f-3ac54ff4beae",
                "executionSucceeded": true,
                "executionType": "DECISION",
                "executorName": "testUser",
              },
            ],
            "limit": 10,
            "offset": 0,
            "total": 1,
          },
          "status": 3,
        }
      }
    />
    <AuditToolbarBottom
      page={1}
      pageSize={10}
      setPage={[Function]}
      setPageSize={[Function]}
      total={0}
    />
  </PageSection>
</Fragment>
`;
