// Jest Snapshot v1, https://goo.gl/fbAQLP

exports[`BoxedExpressionEditor tests should render BoxedExpressionEditor component 1`] = `
<div>
  <div
    class="boxed-expression-editor"
  >
    <div
      class="expression-container"
    >
      <div
        class="expression-name-and-logic-type"
      >
        <span
          class="expression-title"
        >
          Expression Name
        </span>
        <span
          class="expression-type"
        >
          (
          &lt;Undefined&gt;
          )
        </span>
      </div>
      <div
        class="expression-container-box"
        data-ouia-component-id="expression-container"
      >
        <div
          class="logic-type-selector logic-type-not-present"
        >
          Select expression
        </div>
      </div>
    </div>
  </div>
  <div
    class="kie-cell-selection-box"
  >
    <div
      class="kie-selection-box"
    />
    <textarea />
  </div>
</div>
`;
