// Jest Snapshot v1, https://goo.gl/fbAQLP

exports[`CounterfactualOutcomeEdit renders an number input for numerical goals 1`] = `
<CounterfactualOutcomeEdit
  goal={
    Object {
      "id": "goal1",
      "name": "field1",
      "originalValue": Object {
        "kind": "UNIT",
        "type": "number",
        "value": 1.65,
      },
      "role": 1,
      "value": Object {
        "kind": "UNIT",
        "type": "number",
        "value": 1.65,
      },
    }
  }
  index={0}
  onUpdateGoal={[MockFunction]}
>
  <FormGroup
    fieldId="goal1"
    label="field1"
  >
    <GenerateId
      prefix="pf-random-id-"
    >
      <div
        className="pf-c-form__group"
      >
        <div
          className="pf-c-form__group-label"
        >
          <label
            className="pf-c-form__label"
            htmlFor="goal1"
          >
            <span
              className="pf-c-form__label-text"
            >
              field1
            </span>
          </label>
           
        </div>
        <div
          className="pf-c-form__group-control"
        >
          <CounterfactualOutcomeNumber
            goal={
              Object {
                "id": "goal1",
                "name": "field1",
                "originalValue": Object {
                  "kind": "UNIT",
                  "type": "number",
                  "value": 1.65,
                },
                "role": 1,
                "value": Object {
                  "kind": "UNIT",
                  "type": "number",
                  "value": 1.65,
                },
              }
            }
            index={0}
            onUpdateGoal={[MockFunction]}
          >
            <NumberInput
              id="goal-0-field1"
              inputAriaLabel="\`\${outcome.outcomeName} input\`"
              inputName="goal-0-field1"
              isDisabled={false}
              minusBtnAriaLabel="minus"
              onChange={[Function]}
              onMinus={[Function]}
              onPlus={[Function]}
              plusBtnAriaLabel="plus"
              value={1.65}
              widthChars={17}
            >
              <div
                className="pf-c-number-input"
                id="goal-0-field1"
                style={
                  Object {
                    "--pf-c-number-input--c-form-control--width-chars": 17,
                  }
                }
              >
                <InputGroup>
                  <div
                    className="pf-c-input-group"
                  >
                    <Button
                      aria-label="minus"
                      isDisabled={false}
                      onClick={[Function]}
                      variant="control"
                    >
                      <ButtonBase
                        aria-label="minus"
                        innerRef={null}
                        isDisabled={false}
                        onClick={[Function]}
                        variant="control"
                      >
                        <button
                          aria-disabled={false}
                          aria-label="minus"
                          className="pf-c-button pf-m-control"
                          data-ouia-component-id="OUIA-Generated-Button-control-1"
                          data-ouia-component-type="PF4/Button"
                          data-ouia-safe={true}
                          disabled={false}
                          onClick={[Function]}
                          role={null}
                          type="button"
                        >
                          <span
                            className="pf-c-number-input__icon"
                          >
                            <MinusIcon
                              aria-hidden="true"
                              color="currentColor"
                              noVerticalAlign={false}
                              size="sm"
                            >
                              <svg
                                aria-hidden="true"
                                aria-labelledby={null}
                                fill="currentColor"
                                height="1em"
                                role="img"
                                style={
                                  Object {
                                    "verticalAlign": "-0.125em",
                                  }
                                }
                                viewBox="0 0 448 512"
                                width="1em"
                              >
                                <path
                                  d="M416 208H32c-17.67 0-32 14.33-32 32v32c0 17.67 14.33 32 32 32h384c17.67 0 32-14.33 32-32v-32c0-17.67-14.33-32-32-32z"
                                />
                              </svg>
                            </MinusIcon>
                          </span>
                        </button>
                      </ButtonBase>
                    </Button>
                    <TextInput
                      aria-label="\`\${outcome.outcomeName} input\`"
                      name="goal-0-field1"
                      onBlur={[Function]}
                      onChange={[Function]}
                      onKeyDown={[Function]}
                      type="number"
                      validated="default"
                      value={1.65}
                    >
                      <TextInputBase
                        aria-label="\`\${outcome.outcomeName} input\`"
                        className=""
                        innerRef={null}
                        isDisabled={false}
                        isIconSprite={false}
                        isLeftTruncated={false}
                        isReadOnly={false}
                        isRequired={false}
                        name="goal-0-field1"
                        onBlur={[Function]}
                        onChange={[Function]}
                        onKeyDown={[Function]}
                        ouiaSafe={true}
                        type="number"
                        validated="default"
                        value={1.65}
                      >
                        <input
                          aria-invalid={false}
                          aria-label="\`\${outcome.outcomeName} input\`"
                          className="pf-c-form-control"
                          data-ouia-component-id="OUIA-Generated-TextInputBase-1"
                          data-ouia-component-type="PF4/TextInput"
                          data-ouia-safe={true}
                          disabled={false}
                          name="goal-0-field1"
                          onBlur={[Function]}
                          onChange={[Function]}
                          onFocus={[Function]}
                          onKeyDown={[Function]}
                          required={false}
                          type="number"
                          value={1.65}
                        />
                      </TextInputBase>
                    </TextInput>
                    <Button
                      aria-label="plus"
                      isDisabled={false}
                      onClick={[Function]}
                      variant="control"
                    >
                      <ButtonBase
                        aria-label="plus"
                        innerRef={null}
                        isDisabled={false}
                        onClick={[Function]}
                        variant="control"
                      >
                        <button
                          aria-disabled={false}
                          aria-label="plus"
                          className="pf-c-button pf-m-control"
                          data-ouia-component-id="OUIA-Generated-Button-control-2"
                          data-ouia-component-type="PF4/Button"
                          data-ouia-safe={true}
                          disabled={false}
                          onClick={[Function]}
                          role={null}
                          type="button"
                        >
                          <span
                            className="pf-c-number-input__icon"
                          >
                            <PlusIcon
                              aria-hidden="true"
                              color="currentColor"
                              noVerticalAlign={false}
                              size="sm"
                            >
                              <svg
                                aria-hidden="true"
                                aria-labelledby={null}
                                fill="currentColor"
                                height="1em"
                                role="img"
                                style={
                                  Object {
                                    "verticalAlign": "-0.125em",
                                  }
                                }
                                viewBox="0 0 448 512"
                                width="1em"
                              >
                                <path
                                  d="M416 208H272V64c0-17.67-14.33-32-32-32h-32c-17.67 0-32 14.33-32 32v144H32c-17.67 0-32 14.33-32 32v32c0 17.67 14.33 32 32 32h144v144c0 17.67 14.33 32 32 32h32c17.67 0 32-14.33 32-32V304h144c17.67 0 32-14.33 32-32v-32c0-17.67-14.33-32-32-32z"
                                />
                              </svg>
                            </PlusIcon>
                          </span>
                        </button>
                      </ButtonBase>
                    </Button>
                  </div>
                </InputGroup>
              </div>
            </NumberInput>
          </CounterfactualOutcomeNumber>
        </div>
      </div>
    </GenerateId>
  </FormGroup>
  <Checkbox
    className="counterfactual-outcome__floating"
    component="div"
    id="goal1"
    isChecked={false}
    isDisabled={false}
    isRequired={false}
    isValid={true}
    label={
      <TextContent>
        <Text
          component="small"
        >
          Automatically adjust for counterfactual.
        </Text>
      </TextContent>
    }
    onChange={[Function]}
    ouiaSafe={true}
  >
    <div
      className="pf-c-check counterfactual-outcome__floating"
    >
      <input
        aria-invalid={false}
        checked={false}
        className="pf-c-check__input"
        data-ouia-component-id="OUIA-Generated-Checkbox-1"
        data-ouia-component-type="PF4/Checkbox"
        data-ouia-safe={true}
        disabled={false}
        id="goal1"
        onChange={[Function]}
        required={false}
        type="checkbox"
      />
      <label
        className="pf-c-check__label"
        htmlFor="goal1"
      >
        <TextContent>
          <div
            className="pf-c-content"
          >
            <Text
              component="small"
            >
              <small
                className=""
                data-ouia-component-id="OUIA-Generated-Text-1"
                data-ouia-component-type="PF4/Text"
                data-ouia-safe={true}
                data-pf-content={true}
              >
                Automatically adjust for counterfactual.
              </small>
            </Text>
          </div>
        </TextContent>
      </label>
    </div>
  </Checkbox>
</CounterfactualOutcomeEdit>
`;
