// Jest Snapshot v1, https://goo.gl/fbAQLP

exports[`CounterfactualUnsupported status renders messages 1`] = `
<EmptyState
  variant="full"
>
  <EmptyStateIcon
    icon={[Function]}
  />
  <Title
    headingLevel="h1"
  >
    Counterfactuals cannot be generated
  </Title>
  <EmptyStateBody>
    <p
      data-ouia-component-id="msg1"
      key="msg1"
    >
      message1
    </p>
    <p
      data-ouia-component-id="msg2"
      key="msg2"
    >
      message2
    </p>
  </EmptyStateBody>
</EmptyState>
`;
