// Jest Snapshot v1, https://goo.gl/fbAQLP

exports[`<DateField> tests <DateField> - rendering - disabled 1`] = `
<div>
  {"ref":{"binding":"birthday","stateName":"birthday","stateSetter":"set__birthday","dataType":{"name":"string"}},"pfImports":["DatePicker","Flex","FlexItem","InputGroup","TimePicker","FormGroup"],"reactImports":["useState"],"requiredCode":["date_functions","time_functions"],"jsxCode":"&lt;FormGroup\\n      fieldId={'id'}\\n      label={'Birthday'}\\n      isRequired={true}\\n    &gt;\\n      &lt;Flex\\n    direction={{ default: 'column' }}\\n    id={'id'}\\n  &gt;\\n    &lt;FlexItem&gt;\\n      &lt;InputGroup style={{ background: 'transparent' }}&gt;\\n        &lt;DatePicker\\n          id={'date-picker-id'}\\n          isDisabled={true}\\n          name={'birthday'}\\n          onChange={newDate =&gt; onDateChange(newDate, set__birthday,  birthday)}\\n          value={parseDate(birthday)}\\n        /&gt;\\n        &lt;TimePicker\\n          id={'time-picker-id'}\\n          isDisabled={true}\\n          name={'birthday'}\\n          onChange={(time, hours?, minutes?) =&gt; onTimeChange(time, set__birthday, birthday, hours, minutes)}\\n          style={{ width: '120px' }}\\n          time={parseTime(birthday)}\\n        /&gt;\\n      &lt;/InputGroup&gt;\\n    &lt;/FlexItem&gt;\\n  &lt;/Flex&gt;\\n    &lt;/FormGroup&gt;","stateCode":"const [ birthday, set__birthday ] = useState&lt;string&gt;();","isReadonly":true}
</div>
`;

exports[`<DateField> tests <DateField> - rendering 1`] = `
<div>
  {"ref":{"binding":"birthday","stateName":"birthday","stateSetter":"set__birthday","dataType":{"name":"string"}},"pfImports":["DatePicker","Flex","FlexItem","InputGroup","TimePicker","FormGroup"],"reactImports":["useState"],"requiredCode":["date_functions","time_functions"],"jsxCode":"&lt;FormGroup\\n      fieldId={'id'}\\n      label={'Birthday'}\\n      isRequired={true}\\n    &gt;\\n      &lt;Flex\\n    direction={{ default: 'column' }}\\n    id={'id'}\\n  &gt;\\n    &lt;FlexItem&gt;\\n      &lt;InputGroup style={{ background: 'transparent' }}&gt;\\n        &lt;DatePicker\\n          id={'date-picker-id'}\\n          isDisabled={false}\\n          name={'birthday'}\\n          onChange={newDate =&gt; onDateChange(newDate, set__birthday,  birthday)}\\n          value={parseDate(birthday)}\\n        /&gt;\\n        &lt;TimePicker\\n          id={'time-picker-id'}\\n          isDisabled={false}\\n          name={'birthday'}\\n          onChange={(time, hours?, minutes?) =&gt; onTimeChange(time, set__birthday, birthday, hours, minutes)}\\n          style={{ width: '120px' }}\\n          time={parseTime(birthday)}\\n        /&gt;\\n      &lt;/InputGroup&gt;\\n    &lt;/FlexItem&gt;\\n  &lt;/Flex&gt;\\n    &lt;/FormGroup&gt;","stateCode":"const [ birthday, set__birthday ] = useState&lt;string&gt;();","isReadonly":false}
</div>
`;
