// Jest Snapshot v1, https://goo.gl/fbAQLP

exports[`GuidedTour renders 1`] = `
<div>
  <svg
    class="kgt-svg-layer"
    style="opacity: 0;"
  >
    <path
      d=""
      style="fill: rgba(0, 0, 0, .5);"
    />
  </svg>
  <div
    class="pf-c-modal-box kgt-dialog kgt-dialog--disabled"
    data-ouia-component-id="dmn-guided-tour"
    style="transform: translate(-50%, -50%);"
  >
    <div
      class="pf-c-empty-state pf-m-sm"
    >
      <div
        class="pf-c-empty-state__content"
      >
        <svg
          aria-hidden="true"
          class="pf-c-empty-state__icon"
          fill="currentColor"
          height="1em"
          role="img"
          style="vertical-align: -0.125em;"
          viewBox="0 0 512 512"
          width="1em"
        >
          <path
            d="M256 8C119 8 8 119 8 256s111 248 248 248 248-111 248-248S393 8 256 8zm121.6 313.1c4.7 4.7 4.7 12.3 0 17L338 377.6c-4.7 4.7-12.3 4.7-17 0L256 312l-65.1 65.6c-4.7 4.7-12.3 4.7-17 0L134.4 338c-4.7-4.7-4.7-12.3 0-17l65.6-65-65.6-65.1c-4.7-4.7-4.7-12.3 0-17l39.6-39.6c4.7-4.7 12.3-4.7 17 0l65 65.7 65.1-65.6c4.7-4.7 12.3-4.7 17 0l39.6 39.6c4.7 4.7 4.7 12.3 0 17L312 256l65.6 65.1z"
          />
        </svg>
        <h4
          class="pf-c-title pf-m-lg"
        >
          Oops!
        </h4>
        <div
          class="pf-c-empty-state__body"
        >
          Something went wrong and the content could not be loaded.
        </div>
        <button
          aria-disabled="false"
          class="pf-c-button pf-m-primary"
          data-ouia-component-id="OUIA-Generated-Button-primary-1"
          data-ouia-component-type="PF4/Button"
          data-ouia-safe="true"
          type="button"
        >
          Skip tour
        </button>
      </div>
    </div>
  </div>
</div>
`;
