// Jest Snapshot v1, https://goo.gl/fbAQLP

exports[`TaskFormContainer tests Snapshot 1`] = `
<TaskFormContainer
  onSubmitError={[MockFunction]}
  onSubmitSuccess={[MockFunction]}
  userTask={
    Object {
      "actualOwner": null,
      "adminGroups": Array [],
      "adminUsers": Array [],
      "completed": null,
      "description": null,
      "endpoint": "http://localhost:8080/travels/9ae7ce3b-d49c-4f35-b843-8ac3d22fa427/VisaApplication/45a73767-5da3-49bf-9c40-d533c3e77ef3",
      "excludedUsers": Array [],
      "id": "45a73767-5da3-49bf-9c40-d533c3e77ef3",
      "inputs": "{\\"Skippable\\":\\"true\\",\\"trip\\":{\\"city\\":\\"Boston\\",\\"country\\":\\"US\\",\\"begin\\":\\"2020-02-19T23:00:00.000+01:00\\",\\"end\\":\\"2020-02-26T23:00:00.000+01:00\\",\\"visaRequired\\":true},\\"TaskName\\":\\"VisaApplication\\",\\"NodeName\\":\\"Apply for visa\\",\\"traveller\\":{\\"firstName\\":\\"Rachel\\",\\"lastName\\":\\"White\\",\\"email\\":\\"rwhite@gorle.com\\",\\"nationality\\":\\"Polish\\",\\"address\\":{\\"street\\":\\"Cabalone\\",\\"city\\":\\"Zerf\\",\\"zipCode\\":\\"765756\\",\\"country\\":\\"Poland\\"}},\\"Priority\\":\\"1\\"}",
      "lastUpdate": 2020-02-19T11:11:56.282Z,
      "name": "VisaApplication",
      "outputs": "{}",
      "potentialGroups": Array [],
      "potentialUsers": Array [],
      "priority": "1",
      "processId": "travels",
      "processInstanceId": "9ae7ce3b-d49c-4f35-b843-8ac3d22fa427",
      "referenceName": "Apply for visa",
      "rootProcessId": null,
      "rootProcessInstanceId": null,
      "started": 2020-02-19T11:11:56.282Z,
      "state": "Ready",
    }
  }
>
  <ForwardRef
    data-ouia-component-type="task-form-container"
    data-ouia-safe={true}
    driver={
      Object {
        "doSubmit": [Function],
        "getCustomForm": [Function],
        "getTaskFormSchema": [Function],
      }
    }
    targetOrigin="http://localhost"
    user={
      DefaultUser {
        "groups": Array [],
        "id": "jon",
      }
    }
    userTask={
      Object {
        "actualOwner": null,
        "adminGroups": Array [],
        "adminUsers": Array [],
        "completed": null,
        "description": null,
        "endpoint": "http://localhost:8080/travels/9ae7ce3b-d49c-4f35-b843-8ac3d22fa427/VisaApplication/45a73767-5da3-49bf-9c40-d533c3e77ef3",
        "excludedUsers": Array [],
        "id": "45a73767-5da3-49bf-9c40-d533c3e77ef3",
        "inputs": "{\\"Skippable\\":\\"true\\",\\"trip\\":{\\"city\\":\\"Boston\\",\\"country\\":\\"US\\",\\"begin\\":\\"2020-02-19T23:00:00.000+01:00\\",\\"end\\":\\"2020-02-26T23:00:00.000+01:00\\",\\"visaRequired\\":true},\\"TaskName\\":\\"VisaApplication\\",\\"NodeName\\":\\"Apply for visa\\",\\"traveller\\":{\\"firstName\\":\\"Rachel\\",\\"lastName\\":\\"White\\",\\"email\\":\\"rwhite@gorle.com\\",\\"nationality\\":\\"Polish\\",\\"address\\":{\\"street\\":\\"Cabalone\\",\\"city\\":\\"Zerf\\",\\"zipCode\\":\\"765756\\",\\"country\\":\\"Poland\\"}},\\"Priority\\":\\"1\\"}",
        "lastUpdate": 2020-02-19T11:11:56.282Z,
        "name": "VisaApplication",
        "outputs": "{}",
        "potentialGroups": Array [],
        "potentialUsers": Array [],
        "priority": "1",
        "processId": "travels",
        "processInstanceId": "9ae7ce3b-d49c-4f35-b843-8ac3d22fa427",
        "referenceName": "Apply for visa",
        "rootProcessId": null,
        "rootProcessInstanceId": null,
        "started": 2020-02-19T11:11:56.282Z,
        "state": "Ready",
      }
    }
  >
    <ForwardRef(RefForwardingEmbeddedEnvelope)
      apiImpl={
        EmbeddedTaskFormChannelApiImpl {
          "driver": Object {
            "doSubmit": [Function],
            "getCustomForm": [Function],
            "getTaskFormSchema": [Function],
          },
        }
      }
      config={
        Object {
          "containerType": "div",
        }
      }
      origin="http://localhost"
      pollInit={[Function]}
      refDelegate={[Function]}
    >
      <div />
    </ForwardRef(RefForwardingEmbeddedEnvelope)>
  </ForwardRef>
</TaskFormContainer>
`;
