// Jest Snapshot v1, https://goo.gl/fbAQLP

exports[`FeaturesScoreChart renders a chart for a list of feature scores grouped by sign 1`] = `
<Fragment>
  <Split>
    <SplitItem
      isFilled={true}
    >
      <ScoresBarChart
        barWidth={68.33333333333333}
        height={500}
        legendColor="var(--pf-global--info-color--100)"
        legendTitle="Positive impact"
        maxNumberOfValues={3}
        maxValue={0.9240811677386516}
        padding={
          Object {
            "bottom": 30,
            "left": 90,
            "right": 30,
            "top": 60,
          }
        }
        scores={
          Array [
            Object {
              "featureId": "a14a8292-579e-4937-9133-7f4986b31072",
              "featureName": "Liabilities 2",
              "featureScore": 0.7693802543201365,
            },
            Object {
              "featureId": "66aaad87-25e0-4074-86e6-db804b0c72e6",
              "featureName": "Liabilities",
              "featureScore": 0.6780527129423648,
            },
            Object {
              "featureId": "a5621def-cfd5-4d4f-a984-a29970b39644",
              "featureName": "Assets",
              "featureScore": 0.21272743757961554,
            },
          ]
        }
        width={480}
        yDomain={
          Array [
            0,
            0.9240811677386516,
          ]
        }
      />
    </SplitItem>
    <SplitItem
      isFilled={true}
    >
      <ScoresBarChart
        barWidth={68.33333333333333}
        height={500}
        legendColor="var(--pf-global--palette--orange-300)"
        legendTitle="Negative impact"
        maxNumberOfValues={3}
        maxValue={0.9240811677386516}
        padding={
          Object {
            "bottom": 30,
            "left": 30,
            "right": 90,
            "top": 60,
          }
        }
        scores={
          Array [
            Object {
              "featureId": "cfe35995-375d-4b30-801c-ae0b18d707f6",
              "featureName": "Employment Income",
              "featureScore": -0.9240811677386516,
            },
            Object {
              "featureId": "ae35bfc0-52c0-4725-96b5-0f231a68345e",
              "featureName": "Lender Ratings",
              "featureScore": -0.08937896629080377,
            },
          ]
        }
        width={480}
        yDomain={
          Array [
            -0.9240811677386516,
            0,
          ]
        }
      />
    </SplitItem>
  </Split>
</Fragment>
`;
