/*
 * Copyright 2012 Red Hat, Inc. and/or its affiliates.
 *
 * Licensed under the Apache License, Version 2.0 (the "License");
 * you may not use this file except in compliance with the License.
 * You may obtain a copy of the License at
 *
 *       http://www.apache.org/licenses/LICENSE-2.0
 *
 * Unless required by applicable law or agreed to in writing, software
 * distributed under the License is distributed on an "AS IS" BASIS,
 * WITHOUT WARRANTIES OR CONDITIONS OF ANY KIND, either express or implied.
 * See the License for the specific language governing permissions and
 * limitations under the License.
 */

package org.uberfire.annotations.processors;

import java.util.Arrays;
import java.util.Collection;
import java.util.Collections;
import java.util.function.Consumer;
import javax.annotation.Generated;
import javax.enterprise.context.Dependent;
import javax.inject.Inject;

import javax.inject.Named;
import org.uberfire.workbench.model.PerspectiveDefinition;
import org.uberfire.workbench.model.impl.PerspectiveDefinitionImpl;
import java.util.HashMap;
import java.util.Map;
import org.uberfire.client.annotations.Perspective;
import org.jboss.errai.common.client.dom.HTMLElement;
import org.jboss.errai.common.client.dom.DOMUtil;
import org.uberfire.client.mvp.IsTemplatePerspective;
import org.uberfire.client.mvp.AbstractWorkbenchPerspectiveActivity;
import org.uberfire.client.mvp.PlaceManager;

import org.uberfire.mvp.PlaceRequest;

import com.google.gwt.user.client.ui.HasWidgets;
import com.google.gwt.user.client.ui.IsWidget;
import org.uberfire.client.mvp.TemplatedActivity;
import org.uberfire.client.workbench.panels.impl.TemplatedWorkbenchPanelPresenter;
import org.uberfire.mvp.impl.DefaultPlaceRequest;
import org.uberfire.workbench.model.NamedPosition;
import org.uberfire.workbench.model.PanelDefinition;
import org.uberfire.workbench.model.Position;
import org.uberfire.workbench.model.impl.PanelDefinitionImpl;
import org.uberfire.workbench.model.impl.PartDefinitionImpl;

@Dependent
@Generated("org.uberfire.annotations.processors.WorkbenchPerspectiveProcessor")
@Named("HomePerspective")
@IsTemplatePerspective
/*
 * WARNING! This class is generated. Do not modify.
 */
public class PerspectiveTest16Activity extends AbstractWorkbenchPerspectiveActivity implements TemplatedActivity {

    private static final String UF_PERSPECTIVE_COMPONENT = "uf-perspective-component";

    @Inject
    private PerspectiveTest16 realPresenter;

    @Inject
    //Constructor injection for testing
    public PerspectiveTest16Activity(final PlaceManager placeManager) {
        super( placeManager );
    }

    @Override
    public String getIdentifier() {
        return "HomePerspective";
    }

    @Override
    public boolean isDefault() {
        return true;
    }

    @Override
    public HTMLElement getRootElement() {
        return realPresenter.getElement();
    }

    @Override
    public HTMLElement resolvePosition( NamedPosition position ) {
        final String fieldName = position.getName();
        if ( fieldName.equals( "teste" ) ) {
            DOMUtil.addCSSClass( realPresenter.teste, UF_PERSPECTIVE_COMPONENT );
            return realPresenter.teste;
        }
        if ( fieldName.equals( "teste2" ) ) {
            DOMUtil.addCSSClass( realPresenter.teste2, UF_PERSPECTIVE_COMPONENT );
            return realPresenter.teste2;
        }
        return null;
    }

    @Override
    public PerspectiveDefinition getDefaultPerspectiveLayout() {
        final PerspectiveDefinition p = new PerspectiveDefinitionImpl( TemplatedWorkbenchPanelPresenter.class.getName() );
        p.setName( realPresenter.getClass().getName() );


        PanelDefinition panelDefinition0 = new PanelDefinitionImpl( "org.uberfire.client.workbench.panels.impl.MultiTabWorkbenchPanelPresenter" );
        panelDefinition0.addPart(
                new PartDefinitionImpl( new DefaultPlaceRequest( "HelloWorldScreen1" ) ) );
        panelDefinition0.addPart(
                new PartDefinitionImpl( new DefaultPlaceRequest( "HelloWorldScreen2" ) ) );
        p.getRoot().appendChild( new NamedPosition( "teste" ), panelDefinition0 );
        PanelDefinition panelDefinition1 = new PanelDefinitionImpl( "org.uberfire.client.workbench.panels.impl.MultiTabWorkbenchPanelPresenter" );
        panelDefinition1.addPart(
                new PartDefinitionImpl( new DefaultPlaceRequest( "HelloWorldScreen1" ) ) );
        panelDefinition1.addPart(
                new PartDefinitionImpl( new DefaultPlaceRequest( "HelloWorldScreen2" ) ) );
        p.getRoot().appendChild( new NamedPosition( "teste2" ), panelDefinition1 );
        return p;
    }
}