/*
 * Copyright 2012 Red Hat, Inc. and/or its affiliates.
 *
 * Licensed under the Apache License, Version 2.0 (the "License");
 * you may not use this file except in compliance with the License.
 * You may obtain a copy of the License at
 *
 *       http://www.apache.org/licenses/LICENSE-2.0
 *
 * Unless required by applicable law or agreed to in writing, software
 * distributed under the License is distributed on an "AS IS" BASIS,
 * WITHOUT WARRANTIES OR CONDITIONS OF ANY KIND, either express or implied.
 * See the License for the specific language governing permissions and
 * limitations under the License.
 */

package org.uberfire.annotations.processors;

import java.util.Arrays;
import java.util.Collection;
import java.util.Collections;
import java.util.function.Consumer;
import javax.annotation.Generated;
import javax.enterprise.context.Dependent;
import javax.inject.Inject;
import com.google.gwt.user.client.ui.InlineLabel;

import javax.inject.Named;
import org.uberfire.client.mvp.AbstractWorkbenchScreenActivity;
import org.uberfire.client.mvp.PlaceManager;

import org.uberfire.mvp.PlaceRequest;

import com.google.gwt.user.client.ui.IsWidget;

@Dependent
@Generated("org.uberfire.annotations.processors.WorkbenchScreenProcessor")
@Named("test34")
@org.uberfire.client.mvp.QualifierAnnotation(classField=java.lang.String.class, stringField="someText", booleanField=true, intField=13)
/*
 * WARNING! This class is generated. Do not modify.
 */
public class WorkbenchScreenTest34Activity extends AbstractWorkbenchScreenActivity {

    @Inject
    @org.uberfire.client.mvp.QualifierAnnotation(classField=java.lang.String.class, stringField="someText", booleanField=true, intField=13)
    private WorkbenchScreenTest34 realPresenter;

    @Inject
    //Constructor injection for testing
    public WorkbenchScreenTest34Activity(final PlaceManager placeManager) {
        super( placeManager );
    }

    @Override
    public String getTitle() {
        return realPresenter.getTitle();
    }

    @Override
    public IsWidget getWidget() {
        return realPresenter.getView();
    }

    @Override
    public String getIdentifier() {
        return "test34";
    }
}
