// Jest Snapshot v1, https://goo.gl/fbAQLP

exports[`InputDataBrowser renders a loading animation while fetching data 1`] = `
<div
  className="input-browser"
>
  <div
    className="input-browser__section-list"
  >
    <SkeletonFlexStripes
      stripesHeight="1.5em"
      stripesNumber={6}
      stripesWidth="100px"
    />
  </div>
  <SkeletonDataList
    colsCount={6}
    hasHeader={true}
    rowsCount={4}
  />
</div>
`;
