// Jest Snapshot v1, https://goo.gl/fbAQLP

exports[`TaskInboxPage tests Snapshot 1`] = `
<TaskInboxPage>
  <PageSection
    data-ouia-component-id="header-[object Object]"
    data-ouia-component-type="task-inbox-page"
    data-ouia-safe={Object {}}
    variant="light"
  >
    <section
      className="pf-c-page__main-section pf-m-light"
      data-ouia-component-id="header-[object Object]"
      data-ouia-component-type="task-inbox-page"
      data-ouia-safe={Object {}}
    >
      <PageTitle
        title="Task Inbox"
      >
        <Flex
          data-ouia-component-type="page-title"
          data-ouia-safe={true}
        >
          <div
            className="pf-l-flex"
            data-ouia-component-type="page-title"
            data-ouia-safe={true}
          >
            <FlexItem
              spacer={
                Object {
                  "default": "spacerSm",
                }
              }
            >
              <div
                className="pf-m-spacer-sm"
              >
                <Title
                  headingLevel="h1"
                  size="4xl"
                >
                  <h1
                    className="pf-c-title pf-m-4xl"
                    data-ouia-component-id="OUIA-Generated-Title-1"
                    data-ouia-component-type="PF4/Title"
                    data-ouia-safe={true}
                  >
                    Task Inbox
                  </h1>
                </Title>
              </div>
            </FlexItem>
          </div>
        </Flex>
      </PageTitle>
    </section>
  </PageSection>
  <PageSection
    data-ouia-component-id="content-[object Object]"
    data-ouia-component-type="task-inbox-page"
    data-ouia-safe={Object {}}
  >
    <section
      className="pf-c-page__main-section"
      data-ouia-component-id="content-[object Object]"
      data-ouia-component-type="task-inbox-page"
      data-ouia-safe={Object {}}
    >
      <Grid
        className="kogito-task-console__full-size"
        hasGutter={true}
        md={1}
      >
        <div
          className="pf-l-grid pf-m-all-1-col-on-md pf-m-gutter kogito-task-console__full-size"
        >
          <GridItem
            className="kogito-task-console__full-size"
            span={12}
          >
            <div
              className="pf-l-grid__item pf-m-12-col kogito-task-console__full-size"
            >
              <Card
                className="kogito-task-console__full-size"
              >
                <article
                  className="pf-c-card kogito-task-console__full-size"
                  data-ouia-component-id="OUIA-Generated-Card-1"
                  data-ouia-component-type="PF4/Card"
                  data-ouia-safe={true}
                  id=""
                >
                  <MockedTaskInboxContainer />
                </article>
              </Card>
            </div>
          </GridItem>
        </div>
      </Grid>
    </section>
  </PageSection>
</TaskInboxPage>
`;
