// Jest Snapshot v1, https://goo.gl/fbAQLP

exports[`<NestField> tests <NestField> - rendering 1`] = `
<div>
  {"ref":[{"id":"candidate.name","binding":"candidate.name"},{"id":"candidate.age","binding":"candidate.age"},{"id":"candidate.role","binding":"candidate.role"}],"html":"&lt;fieldset&gt;\\n    &lt;legend&gt;Candidate&lt;/legend&gt;\\n    &lt;div&gt;\\n\\n        &lt;div class=\\"form-group\\"&gt;\\n    &lt;label for=\\"candidate.name\\"&gt;Name&lt;/label&gt;\\n    &lt;input type=\\"text\\"\\n    id=\\"candidate.name\\"\\n    name=\\"candidate.name\\"\\n    class=\\"form-control\\"\\n    \\n    \\n    \\n    value=\\"\\"/&gt;\\n&lt;/div&gt;\\n\\n        &lt;div class=\\"form-group\\"&gt;\\n    &lt;label for=\\"candidate.age\\"&gt;Age&lt;/label&gt;\\n    &lt;input\\n    type=\\"number\\"\\n    class=\\"form-control\\"\\n    id=\\"candidate.age\\"\\n    name=\\"candidate.age\\"\\n    \\n    \\n    \\n    \\n    \\n    step=\\"1\\"\\n    value=\\"\\"/&gt;\\n&lt;/div&gt;\\n\\n        &lt;div class=\\"form-group\\"&gt;\\n    &lt;label for=\\"candidate.role\\"&gt;Role&lt;/label&gt;\\n    &lt;select class=\\"form-control\\" id=\\"candidate.role\\" name=\\"candidate.role\\"&gt;\\n\\n\\n    &lt;option value=\\"Developer\\"&gt;Developer&lt;/option&gt;\\n\\n    &lt;option value=\\"HR\\"&gt;HR&lt;/option&gt;\\n\\n    &lt;option value=\\"UX\\"&gt;UX&lt;/option&gt;\\n\\n&lt;/select&gt;\\n&lt;/div&gt;\\n\\n    &lt;/div&gt;\\n&lt;/fieldset&gt;","disabled":false,"setValueFromModelCode":{"code":"\\n    \\n        document.getElementById(\\"candidate.name\\").value = data?.candidate?.name ?? \\"\\";\\n    \\n\\n    \\n        document.getElementById(\\"candidate.age\\").value = data?.candidate?.age ?? \\"\\";\\n    \\n\\n    \\n        \\nsetSelectValue(\\"candidate.role\\", data?.candidate?.role);\\n\\n    \\n","requiredCode":["function setSelectValue(fieldId, value) {\\n    const select = document.getElementById(fieldId);\\n    if(!select || !value) {\\n        return\\n    }\\n    select.value = value;\\n}"]},"writeValueToModelCode":{"code":"\\n    formData.candidate = {};\\n\\n    \\n        formData.candidate.name = document.getElementById(\\"candidate.name\\").value;\\n    \\n\\n    \\n        formData.candidate.age = Number(document.getElementById(\\"candidate.age\\").value);\\n    \\n\\n    \\n        \\n    formData.candidate.role = document.getElementById(\\"candidate.role\\").value;\\n\\n\\n    \\n\\n","requiredCode":[]}}
</div>
`;

exports[`<NestField> tests <NestField> - rendering disabled 1`] = `
<div>
  {"ref":[{"id":"candidate.name","binding":"candidate.name"},{"id":"candidate.age","binding":"candidate.age"},{"id":"candidate.role","binding":"candidate.role"}],"html":"&lt;fieldset disabled&gt;\\n    &lt;legend&gt;Candidate&lt;/legend&gt;\\n    &lt;div&gt;\\n\\n        &lt;div class=\\"form-group\\"&gt;\\n    &lt;label for=\\"candidate.name\\"&gt;Name&lt;/label&gt;\\n    &lt;input type=\\"text\\"\\n    id=\\"candidate.name\\"\\n    name=\\"candidate.name\\"\\n    class=\\"form-control\\"\\n    \\n    disabled\\n    \\n    value=\\"\\"/&gt;\\n&lt;/div&gt;\\n\\n        &lt;div class=\\"form-group\\"&gt;\\n    &lt;label for=\\"candidate.age\\"&gt;Age&lt;/label&gt;\\n    &lt;input\\n    type=\\"number\\"\\n    class=\\"form-control\\"\\n    id=\\"candidate.age\\"\\n    name=\\"candidate.age\\"\\n    \\n    disabled\\n    \\n    \\n    \\n    step=\\"1\\"\\n    value=\\"\\"/&gt;\\n&lt;/div&gt;\\n\\n        &lt;div class=\\"form-group\\"&gt;\\n    &lt;label for=\\"candidate.role\\"&gt;Role&lt;/label&gt;\\n    &lt;select class=\\"form-control\\" id=\\"candidate.role\\" name=\\"candidate.role\\" disabled&gt;\\n\\n\\n    &lt;option value=\\"Developer\\"&gt;Developer&lt;/option&gt;\\n\\n    &lt;option value=\\"HR\\"&gt;HR&lt;/option&gt;\\n\\n    &lt;option value=\\"UX\\"&gt;UX&lt;/option&gt;\\n\\n&lt;/select&gt;\\n&lt;/div&gt;\\n\\n    &lt;/div&gt;\\n&lt;/fieldset&gt;","disabled":true,"setValueFromModelCode":{"code":"\\n    \\n        document.getElementById(\\"candidate.name\\").value = data?.candidate?.name ?? \\"\\";\\n    \\n\\n    \\n        document.getElementById(\\"candidate.age\\").value = data?.candidate?.age ?? \\"\\";\\n    \\n\\n    \\n        \\nsetSelectValue(\\"candidate.role\\", data?.candidate?.role);\\n\\n    \\n","requiredCode":["function setSelectValue(fieldId, value) {\\n    const select = document.getElementById(fieldId);\\n    if(!select || !value) {\\n        return\\n    }\\n    select.value = value;\\n}"]}}
</div>
`;
