// Jest Snapshot v1, https://goo.gl/fbAQLP

exports[`EmptyStateNoModels render 1`] = `
<div
  class="pf-c-empty-state pf-m-sm"
  data-testid="empty-state-no-models"
>
  <div
    class="pf-c-empty-state__content"
  >
    <svg
      aria-hidden="true"
      class="pf-c-empty-state__icon"
      fill="currentColor"
      height="1em"
      role="img"
      style="vertical-align: -0.125em;"
      viewBox="0 0 576 512"
      width="1em"
    >
      <path
        d="M560 288h-80v96l-32-21.3-32 21.3v-96h-80c-8.8 0-16 7.2-16 16v192c0 8.8 7.2 16 16 16h224c8.8 0 16-7.2 16-16V304c0-8.8-7.2-16-16-16zm-384-64h224c8.8 0 16-7.2 16-16V16c0-8.8-7.2-16-16-16h-80v96l-32-21.3L256 96V0h-80c-8.8 0-16 7.2-16 16v192c0 8.8 7.2 16 16 16zm64 64h-80v96l-32-21.3L96 384v-96H16c-8.8 0-16 7.2-16 16v192c0 8.8 7.2 16 16 16h224c8.8 0 16-7.2 16-16V304c0-8.8-7.2-16-16-16z"
      />
    </svg>
    <h4
      class="pf-c-title pf-m-lg"
    >
      You don't have any PMML Models
    </h4>
    <div
      class="pf-c-empty-state__body"
    >
      PMML uses XML to represent predictive models. One or more predictive models can be contained in a PMML document.
    </div>
    <button
      aria-disabled="false"
      class="pf-c-button pf-m-primary"
      data-ouia-component-id="OUIA-Generated-Button-primary-1"
      data-ouia-component-type="PF4/Button"
      data-ouia-safe="true"
      data-testid="empty-state-no-models__create-model"
      type="button"
    >
      Create Model
    </button>
  </div>
</div>
`;
