info:
  title: Example API
  version: 1.0.0
openapi: 3.0.3
paths:
  /items:
    get:
      operationId: getItems
      parameters:
        - in: query
          name: filter
          schema:
            $ref: "#/components/schemas/FilterSchema"
      responses:
        "200":
          content:
            application/json:
              schema:
                items:
                  $ref: "#/components/schemas/Item"
                type: array
          description: Successful response
        "201":
          description: Created
          links:
            GetItemById:
              $ref: "#/components/links/GetItemById"
      summary: Get a list of items
      tags:
        - items
  /orders:
    get:
      operationId: getOrders
      parameters:
        - $ref: "#/components/parameters/OrderId"
        - $ref: "#/components/parameters/Limit"
      responses:
        "200":
          content:
            application/json:
              schema:
                $ref: "#/components/schemas/OrdersList"
          description: List of orders
          headers:
            X-Rate-Limit-Remaining:
              $ref: "#/components/headers/RateLimitHeader"
      summary: Get a list of orders
components:
  parameters:
    Limit:
      description: Record limit
      in: query
      name: limit
      schema:
        type: integer
    OrderId:
      description: Order identifier
      in: query
      name: orderId
      required: true
      schema:
        type: string
  schemas:
    FilterSchema:
      properties:
        category:
          type: string
        status:
          type: string
      type: object
    Item:
      properties:
        id:
          type: string
        name:
          type: string
      type: object
    Order:
      type: object
      properties:
        id:
          type: string
        status:
          type: string
    OrdersList:
      type: array
      items:
        $ref: "#/components/schemas/Order"
  links:
    GetItemById:
      operationId: getItem
      parameters:
        itemId: $response.body#/id
  headers:
    RateLimitHeader:
      description: Remaining request limit
      schema:
        type: integer
  securitySchemes:
    ApiKeyAuth:
      type: apiKey
      in: header
      name: X-API-Key
    OAuth2Security:
      type: oauth2
      flows:
        authorizationCode:
          authorizationUrl: https://example.com/oauth/authorize
          tokenUrl: https://example.com/oauth/token
          scopes:
            read: Read access
            write: Write access
tags:
  - description: Item operations
    name: items
