// Jest Snapshot v1, https://goo.gl/fbAQLP

exports[`<TextField> tests <TextField> - TextInput rendering - full 1`] = `
<div>
  {"ref":{"id":"name","binding":"name"},"html":"&lt;div class=\\"form-group\\"&gt;\\n    &lt;label for=\\"name\\"&gt;label&lt;/label&gt;\\n    &lt;input type=\\"text\\"\\n    id=\\"name\\"\\n    name=\\"name\\"\\n    class=\\"form-control\\"\\n     autoComplete=\\"off\\"\\n    disabled\\n    placeholder=\\"placeholder\\"\\n    value=\\"\\"/&gt;\\n&lt;/div&gt;","disabled":true,"setValueFromModelCode":{"code":"document.getElementById(\\"name\\").value = data?.name ?? \\"\\";"}}
</div>
`;

exports[`<TextField> tests <TextField> - TextInput rendering 1`] = `
<div>
  {"ref":{"id":"name","binding":"name"},"html":"&lt;div class=\\"form-group\\"&gt;\\n    &lt;label for=\\"name\\"&gt;label&lt;/label&gt;\\n    &lt;input type=\\"text\\"\\n    id=\\"name\\"\\n    name=\\"name\\"\\n    class=\\"form-control\\"\\n    \\n    \\n    \\n    value=\\"\\"/&gt;\\n&lt;/div&gt;","disabled":false,"setValueFromModelCode":{"code":"document.getElementById(\\"name\\").value = data?.name ?? \\"\\";"},"writeValueToModelCode":{"code":"formData.name = document.getElementById(\\"name\\").value;"}}
</div>
`;
